2026-08-01 20:20:12,208 [MainThread] INFO 每日市場任務開始，半年線=120 日
2026-08-01 20:20:12,209 [market_0] INFO 下載 S&P 500 (^GSPC)，第 1 次
2026-08-01 20:20:12,209 [market_1] INFO 下載 NASDAQ Composite (^IXIC)，第 1 次
2026-08-01 20:20:12,210 [market_2] INFO 下載 Taiwan Weighted Index (^TWII)，第 1 次
2026-08-01 20:20:13,211 [MainThread] INFO 新增 3 筆資料到 /home/runner/work/market-daily-report/market-daily-report/data/market_history.csv
2026-08-01 20:20:13,277 [MainThread] INFO 準備透過 smtp.gmail.com:465 寄信到 ab123ab456g@gmail.com
2026-08-01 20:20:16,366 [MainThread] INFO Email 寄送成功：ab123ab456g@gmail.com
2026-08-01 20:20:16,368 [MainThread] INFO 任務完成：成功 3
2026-08-02 07:29:21,974 [MainThread] INFO 每日市場任務開始，半年線=120 日
2026-08-02 07:29:21,975 [market_0] INFO 下載 S&P 500 (^GSPC)，第 1 次
2026-08-02 07:29:21,975 [market_1] INFO 下載 NASDAQ Composite (^IXIC)，第 1 次
2026-08-02 07:29:21,975 [market_2] INFO 下載 Taiwan Weighted Index (^TWII)，第 1 次
2026-08-02 07:29:23,339 [MainThread] INFO 沒有新的交易日資料需要寫入 CSV
2026-08-02 07:29:23,340 [MainThread] INFO 沒有新交易資料，依設定跳過 Email
2026-08-02 07:29:23,340 [MainThread] INFO 任務完成：成功 3
2026-08-03 07:29:26,078 [MainThread] INFO 每日市場任務開始，半年線=120 日
2026-08-03 07:29:26,079 [market_0] INFO 下載 S&P 500 (^GSPC)，第 1 次
2026-08-03 07:29:26,080 [market_1] INFO 下載 NASDAQ Composite (^IXIC)，第 1 次
2026-08-03 07:29:26,080 [market_2] INFO 下載 Taiwan Weighted Index (^TWII)，第 1 次
2026-08-03 07:29:26,987 [MainThread] INFO 沒有新的交易日資料需要寫入 CSV
2026-08-03 07:29:26,987 [MainThread] INFO 沒有新交易資料，依設定跳過 Email
2026-08-03 07:29:26,987 [MainThread] INFO 任務完成：成功 3
2026-08-04 07:36:23,764 [MainThread] INFO 每日市場任務開始，半年線=120 日
2026-08-04 07:36:23,764 [market_0] INFO 下載 S&P 500 (^GSPC)，第 1 次
2026-08-04 07:36:23,765 [market_1] INFO 下載 NASDAQ Composite (^IXIC)，第 1 次
2026-08-04 07:36:23,766 [market_2] INFO 下載 Taiwan Weighted Index (^TWII)，第 1 次
2026-08-04 07:36:24,756 [MainThread] INFO 新增 3 筆資料到 /home/runner/work/market-daily-report/market-daily-report/data/market_history.csv
2026-08-04 07:36:24,812 [MainThread] INFO 準備透過 smtp.gmail.com:465 寄信到 ab123ab456g@gmail.com
2026-08-04 07:36:26,277 [MainThread] INFO Email 寄送成功：ab123ab456g@gmail.com
2026-08-04 07:36:26,279 [MainThread] INFO 任務完成：成功 3
2026-08-05 07:33:06,721 [MainThread] INFO 每日市場任務開始，半年線=120 日
2026-08-05 07:33:06,722 [market_0] INFO 下載 S&P 500 (^GSPC)，第 1 次
2026-08-05 07:33:06,723 [market_1] INFO 下載 NASDAQ Composite (^IXIC)，第 1 次
2026-08-05 07:33:06,724 [market_2] INFO 下載 Taiwan Weighted Index (^TWII)，第 1 次
2026-08-05 07:33:07,786 [MainThread] INFO 新增 3 筆資料到 /home/runner/work/market-daily-report/market-daily-report/data/market_history.csv
2026-08-05 07:33:07,845 [MainThread] INFO 準備透過 smtp.gmail.com:465 寄信到 ab123ab456g@gmail.com
2026-08-05 07:33:09,645 [MainThread] INFO Email 寄送成功：ab123ab456g@gmail.com
2026-08-05 07:33:09,647 [MainThread] INFO 任務完成：成功 3
2026-08-06 07:29:54,830 [MainThread] INFO 每日市場任務開始，半年線=120 日
2026-08-06 07:29:54,831 [market_0] INFO 下載 S&P 500 (^GSPC)，第 1 次
2026-08-06 07:29:54,831 [market_1] INFO 下載 NASDAQ Composite (^IXIC)，第 1 次
2026-08-06 07:29:54,832 [market_2] INFO 下載 Taiwan Weighted Index (^TWII)，第 1 次
2026-08-06 07:29:56,257 [MainThread] INFO 新增 3 筆資料到 /home/runner/work/market-daily-report/market-daily-report/data/market_history.csv
2026-08-06 07:29:56,318 [MainThread] INFO 準備透過 smtp.gmail.com:465 寄信到 ab123ab456g@gmail.com
2026-08-06 07:29:58,476 [MainThread] INFO Email 寄送成功：ab123ab456g@gmail.com
2026-08-06 07:29:58,477 [MainThread] INFO 任務完成：成功 3
2026-08-07 09:36:50,446 [MainThread] INFO 每日市場任務開始，半年線=120 日
2026-08-07 09:36:50,446 [market_0] INFO 下載 S&P 500 (^GSPC)，第 1 次
2026-08-07 09:36:50,447 [market_1] INFO 下載 NASDAQ Composite (^IXIC)，第 1 次
2026-08-07 09:36:50,448 [market_2] INFO 下載 Taiwan Weighted Index (^TWII)，第 1 次
2026-08-07 09:36:51,640 [MainThread] INFO 新增 3 筆資料到 /home/runner/work/market-daily-report/market-daily-report/data/market_history.csv
2026-08-07 09:36:51,734 [MainThread] INFO 準備透過 smtp.gmail.com:465 寄信到 ab123ab456g@gmail.com
2026-08-07 09:36:54,088 [MainThread] INFO Email 寄送成功：ab123ab456g@gmail.com
2026-08-07 09:36:54,089 [MainThread] INFO 任務完成：成功 3
2026-08-08 07:06:24,286 [MainThread] INFO 每日市場任務開始，半年線=120 日
2026-08-08 07:06:24,286 [market_0] INFO 下載 S&P 500 (^GSPC)，第 1 次
2026-08-08 07:06:24,287 [market_1] INFO 下載 NASDAQ Composite (^IXIC)，第 1 次
2026-08-08 07:06:24,288 [market_2] INFO 下載 Taiwan Weighted Index (^TWII)，第 1 次
2026-08-08 07:06:25,459 [MainThread] INFO 新增 2 筆資料到 /home/runner/work/market-daily-report/market-daily-report/data/market_history.csv
2026-08-08 07:06:25,514 [MainThread] INFO 準備透過 smtp.gmail.com:465 寄信到 ab123ab456g@gmail.com
2026-08-08 07:06:27,430 [MainThread] INFO Email 寄送成功：ab123ab456g@gmail.com
2026-08-08 07:06:27,431 [MainThread] INFO 任務完成：成功 3
2026-08-09 06:58:07,040 [MainThread] INFO 每日市場任務開始，半年線=120 日
2026-08-09 06:58:07,040 [market_0] INFO 下載 S&P 500 (^GSPC)，第 1 次
2026-08-09 06:58:07,041 [market_1] INFO 下載 NASDAQ Composite (^IXIC)，第 1 次
2026-08-09 06:58:07,042 [market_2] INFO 下載 Taiwan Weighted Index (^TWII)，第 1 次
2026-08-09 06:58:08,266 [MainThread] INFO 沒有新的交易日資料需要寫入 CSV
2026-08-09 06:58:08,267 [MainThread] INFO 沒有新交易資料，依設定跳過 Email
2026-08-09 06:58:08,267 [MainThread] INFO 任務完成：成功 3
2026-08-10 07:00:36,110 [MainThread] INFO 每日市場任務開始，半年線=120 日
2026-08-10 07:00:36,110 [market_0] INFO 下載 S&P 500 (^GSPC)，第 1 次
2026-08-10 07:00:36,111 [market_1] INFO 下載 NASDAQ Composite (^IXIC)，第 1 次
2026-08-10 07:00:36,111 [market_2] INFO 下載 Taiwan Weighted Index (^TWII)，第 1 次
2026-08-10 07:00:36,983 [MainThread] INFO 沒有新的交易日資料需要寫入 CSV
2026-08-10 07:00:36,983 [MainThread] INFO 沒有新交易資料，依設定跳過 Email
2026-08-10 07:00:36,983 [MainThread] INFO 任務完成：成功 3
2026-08-11 07:06:46,048 [MainThread] INFO 每日市場任務開始，半年線=120 日
2026-08-11 07:06:46,049 [market_0] INFO 下載 S&P 500 (^GSPC)，第 1 次
2026-08-11 07:06:46,050 [market_1] INFO 下載 NASDAQ Composite (^IXIC)，第 1 次
2026-08-11 07:06:46,050 [market_2] INFO 下載 Taiwan Weighted Index (^TWII)，第 1 次
2026-08-11 07:06:47,753 [MainThread] INFO 新增 3 筆資料到 /home/runner/work/market-daily-report/market-daily-report/data/market_history.csv
2026-08-11 07:06:47,810 [MainThread] INFO 準備透過 smtp.gmail.com:465 寄信到 ab123ab456g@gmail.com
2026-08-11 07:06:49,848 [MainThread] INFO Email 寄送成功：ab123ab456g@gmail.com
2026-08-11 07:06:49,849 [MainThread] INFO 任務完成：成功 3
